 Program started at 13:09:10 on 20 March 2026
 
 
 
                                     T I C R A   T o o l s
                                     =====================
 
  Antenna design software from TICRA
 
 TICRA Tools 21.0 (Windows amd64/em64t 64-bit)
 
 
 TICRA Tools found  24 CPU threads
 
 Enabled products: CHAMP 3D, GRASP
  Reading tor-file: Job_02.tor
 
 
  *** Object name:  Primary_M1
  *** Class name :  reflector
  *** Message    :  Object created
 
 
 
  *** Object name:  Primary_M1
  *** Class name :  reflector
  *** Message    :  New values in object
 
  Coordinate system: Primary_coor
  Rim: Primary_Rim
  Surface No.    1 : Primary_Surface
  Centre hole radius :    175.000 mm
 
 
  *** Object name:  Primary_coor
  *** Class name :  coor_sys
  *** Message    :  Object created
 
 
 
  *** Object name:  Primary_coor
  *** Class name :  coor_sys
  *** Message    :  New values in object
 
  Z_axis :     0.000000    0.000000    1.000000
 
 
  *** Object name:  Primary_Surface
  *** Class name :  paraboloid
  *** Message    :  Object created
 
 
 
  *** Object name:  Primary_Surface
  *** Class name :  paraboloid
  *** Message    :  New values in object
 
 
  Focal length     :    2520.00 mm
   and in SI units :    2.52000 meter
 
 
  *** Object name:  Primary_Rim
  *** Class name :  elliptical_rim
  *** Message    :  Object created
 
 
 
  *** Object name:  Primary_Rim
  *** Class name :  elliptical_rim
  *** Message    :  Definition of elliptical_rim
 
 
  The half axes of the ellipse are defined by
    in x-direction :    3000.00 mm
    in y-direction :    3000.00 mm
  and in SI units
    in x-direction :    3.00000     meter
    in y-direction :    3.00000     meter
 
  The rim limits in radii are
    minimum :    3.00000     meter
    maximum :    3.00000     meter
 
  The rim limits in x direction are
    minimum :   -3.00000     meter
    maximum :    3.00000     meter
 
  The rim limits in y direction are
    minimum :   -3.00000     meter
    maximum :    3.00000     meter
 
 
  *** Object name:  Subreflector_M2
  *** Class name :  reflector
  *** Message    :  Object created
 
 
 
  *** Object name:  Subreflector_M2
  *** Class name :  reflector
  *** Message    :  New values in object
 
  Coordinate system: Secondary_coor
  Rim: Secondary_Rim
  Surface No.    1 : Secondary_Surface
 
 
  *** Object name:  Secondary_coor
  *** Class name :  coor_sys
  *** Message    :  Object created
 
 
 
  *** Object name:  Secondary_coor
  *** Class name :  coor_sys
  *** Message    :  New values in object
 
  Origin :   0.000000E+00 mm    0.000000E+00 mm    0.252000E+04 mm
  Base name : Primary_coor
  Y_axis :     0.000000   -1.000000    0.000000
  Z_axis :     0.000000    0.000000   -1.000000
 
 
  *** Object name:  Secondary_Surface
  *** Class name :  hyperboloid
  *** Message    :  Object created
 
 
 
  *** Object name:  Secondary_Surface
  *** Class name :  hyperboloid
  *** Message    :  New values in object
 
 
  Distance between the vertices, 2a :    4702.05 mm
   and in SI units                  :    4.70205 meter
 
  Distance between the foci, 2c     :    4992.93 mm
   and in SI units                  :    4.99293 meter
 
    giving the eccentricity         :    1.06186
 
 
  *** Object name:  Secondary_Rim
  *** Class name :  elliptical_rim
  *** Message    :  Object created
 
 
 
  *** Object name:  Secondary_Rim
  *** Class name :  elliptical_rim
  *** Message    :  Definition of elliptical_rim
 
 
  The half axes of the ellipse are defined by
    in x-direction :    175.000 mm
    in y-direction :    175.000 mm
  and in SI units
    in x-direction :   0.175000     meter
    in y-direction :   0.175000     meter
 
  The rim limits in radii are
    minimum :   0.175000     meter
    maximum :   0.175000     meter
 
  The rim limits in x direction are
    minimum :  -0.175000     meter
    maximum :   0.175000     meter
 
  The rim limits in y direction are
    minimum :  -0.175000     meter
    maximum :   0.175000     meter
 
 
  *** Object name:  Frequencies
  *** Class name :  frequency
  *** Message    :  Object created
 
 
 
  *** Object name:  Frequencies
  *** Class name :  frequency
  *** Message    :  New values in object
 
  Frequency No.    1  :   0.230000E+03 GHz
 
 
  *** Object name:  Primary_PO
  *** Class name :  po_single_face_scatterer
  *** Message    :  Object created
 
 
 
  *** Object name:  Primary_PO
  *** Class name :  po_single_face_scatterer
  *** Message    :  New values in object
 
  File name : main_po.cur
  Method : po_plus_ptd
  Frequency : Frequencies
  Scatterer : Primary_M1
  Spill-over : on
  Coordinate system : Primary_coor
  PO grid limits :    PO1 =   315  PO2 =   275
 
 
  *** Object name:  Secondary_PO
  *** Class name :  po_single_face_scatterer
  *** Message    :  Object created
 
 
 
  *** Object name:  Secondary_PO
  *** Class name :  po_single_face_scatterer
  *** Message    :  New values in object
 
  File name : sub_po.cur
  Method : po_plus_ptd
  Frequency : Frequencies
  Scatterer : Subreflector_M2
  Spill-over : on
  Coordinate system : Primary_coor
  PO grid limits :    PO1 =   320  PO2 =   800
  No. of PTD points for edge no.    0:    PTD points =   780
 
 
  *** Object name:  VirtualFeed
  *** Class name :  gaussian_beam
  *** Message    :  Object created
 
 
 
  *** Object name:  VirtualFeed
  *** Class name :  gaussian_beam
  *** Message    :  Object created
 
 
 
  *** Object name:  VirtualFeed
  *** Class name :  gaussian_beam
  *** Message    :  New values in object
 
  Frequency : Frequencies
  Coor_sys : Virtual_feed_coor
 
 
  *** Object name:  VirtualFeed
  *** Class name :  gaussian_beam
  *** Message    :  Definition of common feed attributes
 
 
 
  *** Object name:  VirtualFeed
  *** Class name :  gaussian_beam
  *** Message    :  Definition of gaussian beam
 
 
  Beam radius :   30.2500     mm
 
  Phase-front radius of curvature:  -1291.80     mm
 
 
  *** Object name:  M3_input_coor_sys
  *** Class name :  coor_sys_grasp_angles
  *** Message    :  Object created
 
 
 
  *** Object name:  M3_input_coor_sys
  *** Class name :  coor_sys_grasp_angles
  *** Message    :  New values in object
 
  Origin :   0.000000E+00 mm    0.000000E+00 mm    0.441550E+04 mm
  Base name : Secondary_coor
  Calculated axes:
  X_axis :     1.000000    0.000000    0.000000
  Y_axis :     0.000000    1.000000    0.000000
  Z_axis :     0.000000    0.000000    1.000000
 
 
  *** Object name:  M3_output_coor_sys
  *** Class name :  coor_sys_grasp_angles
  *** Message    :  Object created
 
 
 
  *** Object name:  M3_output_coor_sys
  *** Class name :  coor_sys_grasp_angles
  *** Message    :  New values in object
 
  Base name : M3_input_coor_sys
  Theta  :    90.000000 deg.
  Psi    :   180.000000 deg.
  Calculated axes:
  X_axis :    -0.000000    0.000000    1.000000
  Y_axis :    -0.000000   -1.000000    0.000000
  Z_axis :     1.000000    0.000000    0.000000
 
 
  *** Object name:  M3_plane
  *** Class name :  plane
  *** Message    :  Object created
 
 
 
  *** Object name:  M3_plane
  *** Class name :  plane
  *** Message    :  New values in object
 
 
  The plane normal is
    x : -1.00000
    y : 0.00000
    z : 1.00000
 
 
  *** Object name:  M3_elliptical_rim
  *** Class name :  elliptical_rim
  *** Message    :  Object created
 
 
 
  *** Object name:  M3_elliptical_rim
  *** Class name :  elliptical_rim
  *** Message    :  Definition of elliptical_rim
 
 
  The half axes of the ellipse are defined by
    in x-direction :    75.0000 mm
    in y-direction :    75.0000 mm
  and in SI units
    in x-direction :   0.750000E-01 meter
    in y-direction :   0.750000E-01 meter
 
  The rim limits in radii are
    minimum :   0.750000E-01 meter
    maximum :   0.750000E-01 meter
 
  The rim limits in x direction are
    minimum :  -0.750000E-01 meter
    maximum :   0.750000E-01 meter
 
  The rim limits in y direction are
    minimum :  -0.750000E-01 meter
    maximum :   0.750000E-01 meter
 
 
  *** Object name:  Flat_M3
  *** Class name :  reflector
  *** Message    :  Object created
 
 
 
  *** Object name:  Flat_M3
  *** Class name :  reflector
  *** Message    :  New values in object
 
  Coordinate system: M3_input_coor_sys
  Rim: M3_elliptical_rim
  Surface No.    1 : M3_plane
 
 
  *** Object name:  Elevation_Angle_coor_sys
  *** Class name :  coor_sys_grasp_angles
  *** Message    :  Object created
 
 
 
  *** Object name:  Elevation_Angle_coor_sys
  *** Class name :  coor_sys_grasp_angles
  *** Message    :  New values in object
 
  Base name : M3_output_coor_sys
  Psi    :    90.000000 deg.
  Calculated axes:
  X_axis :     0.000000    1.000000    0.000000
  Y_axis :    -1.000000    0.000000    0.000000
  Z_axis :     0.000000    0.000000    1.000000
 
 
  *** Object name:  M4_input_coor_sys
  *** Class name :  coor_sys_grasp_angles
  *** Message    :  Object created
 
 
 
  *** Object name:  M4_input_coor_sys
  *** Class name :  coor_sys_grasp_angles
  *** Message    :  New values in object
 
  Origin :   0.000000E+00 mm    0.000000E+00 mm    0.435100E+03 mm
  Base name : Elevation_Angle_coor_sys
  Calculated axes:
  X_axis :     1.000000    0.000000    0.000000
  Y_axis :     0.000000    1.000000    0.000000
  Z_axis :     0.000000    0.000000    1.000000
 
 
  *** Object name:  M4_output_coor_sys
  *** Class name :  coor_sys_grasp_angles
  *** Message    :  Object created
 
 
 
  *** Object name:  M4_output_coor_sys
  *** Class name :  coor_sys_grasp_angles
  *** Message    :  New values in object
 
  Base name : M4_input_coor_sys
  Theta  :   130.134000 deg.
  Calculated axes:
  X_axis :    -0.644577    0.000000   -0.764539
  Y_axis :     0.000000    1.000000    0.000000
  Z_axis :     0.764539    0.000000   -0.644577
 
 
  *** Object name:  M4_elliptical_rim
  *** Class name :  elliptical_rim
  *** Message    :  Object created
 
 
 
  *** Object name:  M4_elliptical_rim
  *** Class name :  elliptical_rim
  *** Message    :  Definition of elliptical_rim
 
 
  The half axes of the ellipse are defined by
    in x-direction :    75.0000 mm
    in y-direction :    75.0000 mm
  and in SI units
    in x-direction :   0.750000E-01 meter
    in y-direction :   0.750000E-01 meter
 
  The rim limits in radii are
    minimum :   0.750000E-01 meter
    maximum :   0.750000E-01 meter
 
  The rim limits in x direction are
    minimum :  -0.750000E-01 meter
    maximum :   0.750000E-01 meter
 
  The rim limits in y direction are
    minimum :  -0.750000E-01 meter
    maximum :   0.750000E-01 meter
 
 
  *** Object name:  Ellipsoidal_M4
  *** Class name :  reflector
  *** Message    :  Object created
 
 
 
  *** Object name:  Ellipsoidal_M4
  *** Class name :  reflector
  *** Message    :  New values in object
 
  Coordinate system: M4_input_coor_sys
  Rim: M4_elliptical_rim
  Surface No.    1 : M4_conical_surface
 
 
  *** Object name:  M4_conical_surface
  *** Class name :  conical_surface
  *** Message    :  Object created
 
 
 
  *** Object name:  M4_conical_surface
  *** Class name :  conical_surface
  *** Message    :  New values in object
 
 
  r1 of conical surface :   -4901.10 mm
   and in SI units      :   -4.90110 meter
 
  r2 of conical surface :   -330.690 mm
   and in SI units      :  -0.330690 meter
 
  theta_n           :   -24.9330     degrees
 
  theta_i           :   -24.9330     degrees
 
  The generated surface is a ellipsoid with
 
    half vertex distance, a  :    2.61590 m
    half foci distance, c    :    2.34738 m
    eccentricity, e          :   0.897352
    effective focal length, f:  -0.309788
    conic constant, K        :  -0.805241
    Radius of curvature, R   :  -0.509470 m
 
 
  *** Object name:  M5_input_coor_sys
  *** Class name :  coor_sys_grasp_angles
  *** Message    :  Object created
 
 
 
  *** Object name:  M5_input_coor_sys
  *** Class name :  coor_sys_grasp_angles
  *** Message    :  New values in object
 
  Origin :   0.000000E+00 mm    0.000000E+00 mm    0.129564E+04 mm
  Base name : M4_output_coor_sys
  Calculated axes:
  X_axis :     1.000000    0.000000    0.000000
  Y_axis :     0.000000    1.000000    0.000000
  Z_axis :     0.000000    0.000000    1.000000
 
 
  *** Object name:  M5_output_coor_sys
  *** Class name :  coor_sys_grasp_angles
  *** Message    :  Object created
 
 
 
  *** Object name:  M5_output_coor_sys
  *** Class name :  coor_sys_grasp_angles
  *** Message    :  New values in object
 
  Base name : M5_input_coor_sys
  Theta  :  -130.134000 deg.
  Calculated axes:
  X_axis :    -0.644577    0.000000    0.764539
  Y_axis :     0.000000    1.000000    0.000000
  Z_axis :    -0.764539    0.000000   -0.644577
 
 
  *** Object name:  M5_conical_surface
  *** Class name :  conical_surface
  *** Message    :  Object created
 
 
 
  *** Object name:  M5_conical_surface
  *** Class name :  conical_surface
  *** Message    :  New values in object
 
 
  r1 of conical surface :   -964.950 mm
   and in SI units      :  -0.964950 meter
 
  r2 of conical surface :   -2941.00 mm
   and in SI units      :   -2.94100 meter
 
  theta_n           :    24.9330     degrees
 
  theta_i           :    24.9330     degrees
 
  The generated surface is a ellipsoid with
 
    half vertex distance, a  :    1.95298 m
    half foci distance, c    :    1.21677 m
    eccentricity, e          :   0.623033
    effective focal length, f:  -0.726563
    conic constant, K        :  -0.388170
    Radius of curvature, R   :   -1.19489 m
 
 
  *** Object name:  M5_elliptical_rim
  *** Class name :  elliptical_rim
  *** Message    :  Object created
 
 
 
  *** Object name:  M5_elliptical_rim
  *** Class name :  elliptical_rim
  *** Message    :  Definition of elliptical_rim
 
 
  The half axes of the ellipse are defined by
    in x-direction :    150.000 mm
    in y-direction :    150.000 mm
  and in SI units
    in x-direction :   0.150000     meter
    in y-direction :   0.150000     meter
 
  The rim limits in radii are
    minimum :   0.150000     meter
    maximum :   0.150000     meter
 
  The rim limits in x direction are
    minimum :  -0.150000     meter
    maximum :   0.150000     meter
 
  The rim limits in y direction are
    minimum :  -0.150000     meter
    maximum :   0.150000     meter
 
 
  *** Object name:  Ellipsoidal_M5
  *** Class name :  reflector
  *** Message    :  Object created
 
 
 
  *** Object name:  Ellipsoidal_M5
  *** Class name :  reflector
  *** Message    :  New values in object
 
  Coordinate system: M5_input_coor_sys
  Rim: M5_elliptical_rim
  Surface No.    1 : M5_conical_surface
 
 
  *** Object name:  M6_input_coor_sys
  *** Class name :  coor_sys_grasp_angles
  *** Message    :  Object created
 
 
 
  *** Object name:  M6_input_coor_sys
  *** Class name :  coor_sys_grasp_angles
  *** Message    :  New values in object
 
  Origin :   0.000000E+00 mm    0.000000E+00 mm    0.400000E+03 mm
  Base name : M5_output_coor_sys
  Calculated axes:
  X_axis :     1.000000    0.000000    0.000000
  Y_axis :     0.000000    1.000000    0.000000
  Z_axis :     0.000000    0.000000    1.000000
 
 
  *** Object name:  M6_output_coor_sys
  *** Class name :  coor_sys_grasp_angles
  *** Message    :  Object created
 
 
 
  *** Object name:  M6_output_coor_sys
  *** Class name :  coor_sys_grasp_angles
  *** Message    :  New values in object
 
  Base name : M6_input_coor_sys
  Theta  :    90.000000 deg.
  Phi    :   -90.000000 deg.
  Calculated axes:
  X_axis :     1.000000    0.000000   -0.000000
  Y_axis :     0.000000    0.000000    1.000000
  Z_axis :     0.000000   -1.000000    0.000000
 
 
  *** Object name:  M6_plane
  *** Class name :  plane
  *** Message    :  Object created
 
 
 
  *** Object name:  M6_plane
  *** Class name :  plane
  *** Message    :  New values in object
 
 
  The plane normal is
    x : 0.00000
    y : 1.00000
    z : 1.00000
 
 
  *** Object name:  M6_elliptical_rim
  *** Class name :  elliptical_rim
  *** Message    :  Object created
 
 
 
  *** Object name:  M6_elliptical_rim
  *** Class name :  elliptical_rim
  *** Message    :  Definition of elliptical_rim
 
 
  The half axes of the ellipse are defined by
    in x-direction :    140.000 mm
    in y-direction :    140.000 mm
  and in SI units
    in x-direction :   0.140000     meter
    in y-direction :   0.140000     meter
 
  The rim limits in radii are
    minimum :   0.140000     meter
    maximum :   0.140000     meter
 
  The rim limits in x direction are
    minimum :  -0.140000     meter
    maximum :   0.140000     meter
 
  The rim limits in y direction are
    minimum :  -0.140000     meter
    maximum :   0.140000     meter
 
 
  *** Object name:  Flat_M6
  *** Class name :  reflector
  *** Message    :  Object created
 
 
 
  *** Object name:  Flat_M6
  *** Class name :  reflector
  *** Message    :  New values in object
 
  Coordinate system: M6_input_coor_sys
  Rim: M6_elliptical_rim
  Surface No.    1 : M6_plane
 
 
  *** Object name:  M3_PO
  *** Class name :  po_single_face_scatterer
  *** Message    :  Object created
 
 
 
  *** Object name:  M3_PO
  *** Class name :  po_single_face_scatterer
  *** Message    :  New values in object
 
  File name : M3_PO.cur
  Method : po_plus_ptd
  Frequency : Frequencies
  Scatterer : Flat_M3
  Spill-over : on
  Coordinate system : M3_output_coor_sys
  PO grid limits :    PO1 =    42  PO2 =    85
  No. of PTD points for edge no.    0:    PTD points =   103
 
 
  *** Object name:  M4_PO
  *** Class name :  po_single_face_scatterer
  *** Message    :  Object created
 
 
 
  *** Object name:  M4_PO
  *** Class name :  po_single_face_scatterer
  *** Message    :  New values in object
 
  File name : M4_PO.cur
  Method : po
  Frequency : Frequencies
  Scatterer : Ellipsoidal_M4
  Spill-over : on
  Coordinate system : M4_output_coor_sys
  PO grid limits :    PO1 =    37  PO2 =   108
 
 
  *** Object name:  M5_PO
  *** Class name :  po_single_face_scatterer
  *** Message    :  Object created
 
 
 
  *** Object name:  M5_PO
  *** Class name :  po_single_face_scatterer
  *** Message    :  New values in object
 
  File name : M5_PO.cur
  Method : po
  Frequency : Frequencies
  Scatterer : Ellipsoidal_M5
  Spill-over : on
  Coordinate system : M5_output_coor_sys
  PO grid limits :    PO1 =   130  PO2 =   285
 
 
  *** Object name:  M6_PO
  *** Class name :  po_single_face_scatterer
  *** Message    :  Object created
 
 
 
  *** Object name:  M6_PO
  *** Class name :  po_single_face_scatterer
  *** Message    :  New values in object
 
  File name : M6_PO.cur
  Method : po
  Frequency : Frequencies
  Scatterer : Flat_M6
  Spill-over : on
  PO grid limits :    PO1 =   160  PO2 =   460
 
 
  *** Object name:  Virtual_feed_coor
  *** Class name :  coor_sys_grasp_angles
  *** Message    :  Object created
 
 
 
  *** Object name:  Virtual_feed_coor
  *** Class name :  coor_sys_grasp_angles
  *** Message    :  New values in object
 
  Origin :   0.000000E+00 mm    0.000000E+00 mm   -0.780000E+03 mm
  Base name : Receiver_coor_sys
  Psi    :    90.000000 deg.
  Calculated axes:
  X_axis :     0.000000    1.000000    0.000000
  Y_axis :    -1.000000    0.000000    0.000000
  Z_axis :     0.000000    0.000000    1.000000
 
 
  *** Object name:  Output_cut
  *** Class name :  spherical_cut
  *** Message    :  Object created
 
 
 
  *** Object name:  Output_cut
  *** Class name :  spherical_cut
  *** Message    :  New values in object
 
  Frequency : Frequencies
  File name : Output.cut
  Coor_sys : Output_cut_coor_sys
  Theta range : start  -0.20000    end   0.20000    points   301
  Phi range : start   0.00000    end 135.00000    points     4
 
 
  *** Object name:  Output_grid
  *** Class name :  spherical_grid
  *** Message    :  Object created
 
 
 
  *** Object name:  Output_grid
  *** Class name :  spherical_grid
  *** Message    :  New values in object
 
  Frequency : Frequencies
  File name : Output.grd
  Coor_sys : Primary_coor
  X range : start  -0.20000    end   0.20000    points   301
  Y range : start  -0.20000    end   0.20000    points   301
  Grid type : azimuth_over_elevation
 
 
  *** Object name:  Primary_Efield_grid
  *** Class name :  surface_grid
  *** Message    :  Object created
 
 
 
  *** Object name:  Primary_Efield_grid
  *** Class name :  surface_grid
  *** Message    :  New values in object
 
  Frequency : Frequencies
  File name : Primary_Efield
  Scatterer : Primary_M1
  polarisation_and_phase_coor_sys : Primary_coor
  Phase_adjustment : on
  X_range : start -0.300000E+01    end  0.300000E+01    points   301
  Unit of grid limits : m
  Y_range : start -0.300000E+01    end  0.300000E+01    points   301
 
 
  *** Object name:  Cal_Load_Pol_coor_sys
  *** Class name :  coor_sys_grasp_angles
  *** Message    :  Object created
 
 
 
  *** Object name:  Cal_Load_Pol_coor_sys
  *** Class name :  coor_sys_grasp_angles
  *** Message    :  New values in object
 
  Origin :   0.000000E+00 mm    0.000000E+00 mm    0.330690E+03 mm
  Base name : M4_output_coor_sys
  Psi    :    45.000000 deg.
  Calculated axes:
  X_axis :     0.707107    0.707107    0.000000
  Y_axis :    -0.707107    0.707107    0.000000
  Z_axis :     0.000000    0.000000    1.000000
 
 
  *** Object name:  Cal_Load_grid
  *** Class name :  planar_grid
  *** Message    :  Object created
 
 
 
  *** Object name:  Cal_Load_grid
  *** Class name :  planar_grid
  *** Message    :  New values in object
 
  Frequency : Frequencies
  File name : Cal_Load.grd
  Coor_sys : Cal_Load_Pol_coor_sys
  X range : start -0.500000E+02    end  0.500000E+02    points   201
  Unit of grid limits : mm
  Y range : start -0.500000E+02    end  0.500000E+02    points   201
 
 
  *** Object name:  Cal_Load_coor_sys
  *** Class name :  coor_sys_grasp_angles
  *** Message    :  Object created
 
 
 
  *** Object name:  Cal_Load_coor_sys
  *** Class name :  coor_sys_grasp_angles
  *** Message    :  New values in object
 
  Origin :   0.000000E+00 mm    0.000000E+00 mm    0.330690E+03 mm
  Base name : M4_output_coor_sys
  Calculated axes:
  X_axis :     1.000000    0.000000    0.000000
  Y_axis :     0.000000    1.000000    0.000000
  Z_axis :     0.000000    0.000000    1.000000
 
 
  *** Object name:  Cal_Load_plane
  *** Class name :  plane
  *** Message    :  Object created
 
 
 
  *** Object name:  Cal_Load_plane
  *** Class name :  plane
  *** Message    :  New values in object
 
 
 
  *** Object name:  Cal_Load_Rim
  *** Class name :  rectangular_rim
  *** Message    :  Object created
 
 
 
  *** Object name:  Cal_Load_Rim
  *** Class name :  rectangular_rim
  *** Message    :  Definition of rectangular_rim
 
 
  The side lengths of the rectangle are defined by
    in x-direction :    60.0000 mm
    in y-direction :    60.0000 mm
  and in SI units
    in x-direction :   0.600000E-01 meter
    in y-direction :   0.600000E-01 meter
 
  The rim limits in radii are
    minimum :   0.300000E-01 meter
    maximum :   0.424264E-01 meter
 
  The rim limits in x direction are
    minimum :  -0.300000E-01 meter
    maximum :   0.300000E-01 meter
 
  The rim limits in y direction are
    minimum :  -0.300000E-01 meter
    maximum :   0.300000E-01 meter
 
 
  *** Object name:  Receiver_coor_sys
  *** Class name :  coor_sys_grasp_angles
  *** Message    :  Object created
 
 
 
  *** Object name:  Receiver_coor_sys
  *** Class name :  coor_sys_grasp_angles
  *** Message    :  New values in object
 
  Origin :   0.000000E+00 mm    0.000000E+00 mm    0.176100E+04 mm
  Base name : M6_output_coor_sys
  Theta  :   180.000000 deg.
  Calculated axes:
  X_axis :    -1.000000    0.000000   -0.000000
  Y_axis :     0.000000    1.000000    0.000000
  Z_axis :     0.000000    0.000000   -1.000000
 
 
  *** Object name:  Secondary_Efield_grid
  *** Class name :  surface_grid
  *** Message    :  Object created
 
 
 
  *** Object name:  Secondary_Efield_grid
  *** Class name :  surface_grid
  *** Message    :  New values in object
 
  Frequency : Frequencies
  File name : Secondary_Efield
  Scatterer : Subreflector_M2
  polarisation_and_phase_coor_sys : Sec_phase_coor_sys_grasp_angles
  Phase_adjustment : on
  X_range : start -0.175000E+00    end  0.175000E+00    points   301
  Unit of grid limits : m
  Y_range : start -0.175000E+00    end  0.175000E+00    points   301
 
 
  *** Object name:  Primary_Hfield_grid
  *** Class name :  surface_grid
  *** Message    :  Object created
 
 
 
  *** Object name:  Primary_Hfield_grid
  *** Class name :  surface_grid
  *** Message    :  New values in object
 
  Frequency : Frequencies
  File name : Primary_Hfield
  Scatterer : Primary_M1
  polarisation_and_phase_coor_sys : Primary_coor
  Field_type : incident_h_field
  Phase_adjustment : on
  X_range : start -0.300000E+01    end  0.300000E+01    points   301
  Unit of grid limits : m
  Y_range : start -0.300000E+01    end  0.300000E+01    points   301
 
 
  *** Object name:  Secondary_Hfield_grid
  *** Class name :  surface_grid
  *** Message    :  Object created
 
 
 
  *** Object name:  Secondary_Hfield_grid
  *** Class name :  surface_grid
  *** Message    :  New values in object
 
  Frequency : Frequencies
  File name : Secondary_Hfield
  Scatterer : Subreflector_M2
  polarisation_and_phase_coor_sys : Sec_phase_coor_sys_grasp_angles
  Field_type : incident_h_field
  Phase_adjustment : on
  X_range : start -0.175000E+00    end  0.175000E+00    points   301
  Unit of grid limits : m
  Y_range : start -0.175000E+00    end  0.175000E+00    points   301
 
 
  *** Object name:  Primary_Currents_grid
  *** Class name :  surface_grid
  *** Message    :  Object created
 
 
 
  *** Object name:  Primary_Currents_grid
  *** Class name :  surface_grid
  *** Message    :  New values in object
 
  Frequency : Frequencies
  File name : Primary_Currents
  Scatterer : Primary_M1
  polarisation_and_phase_coor_sys : Primary_coor
  Field_type : currents
  Phase_adjustment : on
  X_range : start -0.300000E+01    end  0.300000E+01    points   301
  Unit of grid limits : m
  Y_range : start -0.300000E+01    end  0.300000E+01    points   301
 
 
  *** Object name:  Secondary_Currents_grid
  *** Class name :  surface_grid
  *** Message    :  Object created
 
 
 
  *** Object name:  Secondary_Currents_grid
  *** Class name :  surface_grid
  *** Message    :  New values in object
 
  Frequency : Frequencies
  File name : Secondary_Currents
  Scatterer : Subreflector_M2
  polarisation_and_phase_coor_sys : Sec_phase_coor_sys_grasp_angles
  Field_type : currents
  Phase_adjustment : on
  X_range : start -0.175000E+00    end  0.175000E+00    points   301
  Unit of grid limits : m
  Y_range : start -0.175000E+00    end  0.175000E+00    points   301
 
 
  *** Object name:  M3_Efield_grid
  *** Class name :  surface_grid
  *** Message    :  Object created
 
 
 
  *** Object name:  M3_Efield_grid
  *** Class name :  surface_grid
  *** Message    :  New values in object
 
  Frequency : Frequencies
  File name : M3_Efield.grd
  Scatterer : Flat_M3
  polarisation_and_phase_coor_sys : M3_phase_coor_sys_grasp_angles
  Phase_adjustment : on
  X_range : start -0.750000E+02    end  0.750000E+02    points   151
  Unit of grid limits : mm
  Y_range : start -0.750000E+02    end  0.750000E+02    points   151
 
 
  *** Object name:  M4_Efield_grid
  *** Class name :  surface_grid
  *** Message    :  Object created
 
 
 
  *** Object name:  M4_Efield_grid
  *** Class name :  surface_grid
  *** Message    :  New values in object
 
  Frequency : Frequencies
  File name : M4_Efield.grd
  Scatterer : Ellipsoidal_M4
  polarisation_and_phase_coor_sys : M4_phase_coor_sys_grasp_angles
  Phase_adjustment : on
  X_range : start -0.750000E+02    end  0.750000E+02    points   151
  Unit of grid limits : mm
  Y_range : start -0.750000E+02    end  0.750000E+02    points   151
 
 
  *** Object name:  M5_Efield_grid
  *** Class name :  surface_grid
  *** Message    :  Object created
 
 
 
  *** Object name:  M5_Efield_grid
  *** Class name :  surface_grid
  *** Message    :  New values in object
 
  Frequency : Frequencies
  File name : M5_Efield.grd
  Scatterer : Ellipsoidal_M5
  polarisation_and_phase_coor_sys : M5_phase_coor_sys_grasp_angles
  Phase_adjustment : on
  X_range : start -0.150000E+03    end  0.150000E+03    points   301
  Unit of grid limits : mm
  Y_range : start -0.150000E+03    end  0.150000E+03    points   301
 
 
  *** Object name:  M6_Efield_grid
  *** Class name :  surface_grid
  *** Message    :  Object created
 
 
 
  *** Object name:  M6_Efield_grid
  *** Class name :  surface_grid
  *** Message    :  New values in object
 
  Frequency : Frequencies
  File name : M6_Efield.grd
  Scatterer : Flat_M6
  polarisation_and_phase_coor_sys : M6_phase_coor_sys_grasp_angles
  Phase_adjustment : on
  X_range : start -0.150000E+03    end  0.150000E+03    points   301
  Unit of grid limits : mm
  Y_range : start -0.150000E+03    end  0.150000E+03    points   301
 
 
  *** Object name:  Output_cut_coor_sys
  *** Class name :  coor_sys_grasp_angles
  *** Message    :  Object created
 
 
 
  *** Object name:  Output_cut_coor_sys
  *** Class name :  coor_sys_grasp_angles
  *** Message    :  New values in object
 
  Base name : Primary_coor
  Psi    :   -45.000000 deg.
  Calculated axes:
  X_axis :     0.707107   -0.707107    0.000000
  Y_axis :     0.707107    0.707107    0.000000
  Z_axis :     0.000000    0.000000    1.000000
 
 
  *** Object name:  Output_cut_large
  *** Class name :  spherical_cut
  *** Message    :  Object created
 
 
 
  *** Object name:  Output_cut_large
  *** Class name :  spherical_cut
  *** Message    :  New values in object
 
  Frequency : Frequencies
  File name : Output_large.cut
  Coor_sys : Output_cut_coor_sys
  Theta range : start  -2.00000    end   2.00000    points  1001
  Phi range : start   0.00000    end 135.00000    points     4
 
 
  *** Object name:  Output_grid_large
  *** Class name :  spherical_grid
  *** Message    :  Object created
 
 
 
  *** Object name:  Output_grid_large
  *** Class name :  spherical_grid
  *** Message    :  New values in object
 
  Frequency : Frequencies
  File name : Output_large.grd
  Coor_sys : Primary_coor
  X range : start  -2.00000    end   2.00000    points  1001
  Y range : start  -2.00000    end   2.00000    points  1001
  Grid type : azimuth_over_elevation
 
 
  *** Object name:  M3_Hfield_grid
  *** Class name :  surface_grid
  *** Message    :  Object created
 
 
 
  *** Object name:  M3_Hfield_grid
  *** Class name :  surface_grid
  *** Message    :  New values in object
 
  Frequency : Frequencies
  File name : M3_Hfield.grd
  Scatterer : Flat_M3
  polarisation_and_phase_coor_sys : M3_phase_coor_sys_grasp_angles
  Field_type : incident_h_field
  Phase_adjustment : on
  X_range : start -0.750000E+02    end  0.750000E+02    points   151
  Unit of grid limits : mm
  Y_range : start -0.750000E+02    end  0.750000E+02    points   151
 
 
  *** Object name:  M3_Current_grid
  *** Class name :  surface_grid
  *** Message    :  Object created
 
 
 
  *** Object name:  M3_Current_grid
  *** Class name :  surface_grid
  *** Message    :  New values in object
 
  Frequency : Frequencies
  File name : M3_Current.grd
  Scatterer : Flat_M3
  polarisation_and_phase_coor_sys : M3_phase_coor_sys_grasp_angles
  Field_type : currents
  Phase_adjustment : on
  X_range : start -0.750000E+02    end  0.750000E+02    points   151
  Unit of grid limits : mm
  Y_range : start -0.750000E+02    end  0.750000E+02    points   151
 
 
  *** Object name:  M4_Hfield_grid
  *** Class name :  surface_grid
  *** Message    :  Object created
 
 
 
  *** Object name:  M4_Hfield_grid
  *** Class name :  surface_grid
  *** Message    :  New values in object
 
  Frequency : Frequencies
  File name : M4_Hfield.grd
  Scatterer : Ellipsoidal_M4
  polarisation_and_phase_coor_sys : M4_phase_coor_sys_grasp_angles
  Field_type : incident_h_field
  Phase_adjustment : on
  X_range : start -0.750000E+02    end  0.750000E+02    points   151
  Unit of grid limits : mm
  Y_range : start -0.750000E+02    end  0.750000E+02    points   151
 
 
  *** Object name:  M4_Current_grid
  *** Class name :  surface_grid
  *** Message    :  Object created
 
 
 
  *** Object name:  M4_Current_grid
  *** Class name :  surface_grid
  *** Message    :  New values in object
 
  Frequency : Frequencies
  File name : M4_Current.grd
  Scatterer : Ellipsoidal_M4
  polarisation_and_phase_coor_sys : M4_phase_coor_sys_grasp_angles
  Field_type : currents
  Phase_adjustment : on
  X_range : start -0.750000E+02    end  0.750000E+02    points   151
  Unit of grid limits : mm
  Y_range : start -0.750000E+02    end  0.750000E+02    points   151
 
 
  *** Object name:  M5_Hfield_grid
  *** Class name :  surface_grid
  *** Message    :  Object created
 
 
 
  *** Object name:  M5_Hfield_grid
  *** Class name :  surface_grid
  *** Message    :  New values in object
 
  Frequency : Frequencies
  File name : M5_Hfield.grd
  Scatterer : Ellipsoidal_M5
  polarisation_and_phase_coor_sys : M5_phase_coor_sys_grasp_angles
  Field_type : incident_h_field
  Phase_adjustment : on
  X_range : start -0.150000E+03    end  0.150000E+03    points   301
  Unit of grid limits : mm
  Y_range : start -0.150000E+03    end  0.150000E+03    points   301
 
 
  *** Object name:  M5_Current_grid
  *** Class name :  surface_grid
  *** Message    :  Object created
 
 
 
  *** Object name:  M5_Current_grid
  *** Class name :  surface_grid
  *** Message    :  New values in object
 
  Frequency : Frequencies
  File name : M5_Currents.grd
  Scatterer : Ellipsoidal_M5
  polarisation_and_phase_coor_sys : M5_phase_coor_sys_grasp_angles
  Field_type : currents
  Phase_adjustment : on
  X_range : start -0.150000E+03    end  0.150000E+03    points   301
  Unit of grid limits : mm
  Y_range : start -0.150000E+03    end  0.150000E+03    points   301
 
 
  *** Object name:  M6_Hfield_grid
  *** Class name :  surface_grid
  *** Message    :  Object created
 
 
 
  *** Object name:  M6_Hfield_grid
  *** Class name :  surface_grid
  *** Message    :  New values in object
 
  Frequency : Frequencies
  File name : M6_Hfield.grd
  Scatterer : Flat_M6
  polarisation_and_phase_coor_sys : M6_phase_coor_sys_grasp_angles
  Field_type : incident_h_field
  Phase_adjustment : on
  X_range : start -0.150000E+03    end  0.150000E+03    points   301
  Unit of grid limits : mm
  Y_range : start -0.150000E+03    end  0.150000E+03    points   301
 
 
  *** Object name:  M6_Current_grid
  *** Class name :  surface_grid
  *** Message    :  Object created
 
 
 
  *** Object name:  M6_Current_grid
  *** Class name :  surface_grid
  *** Message    :  New values in object
 
  Frequency : Frequencies
  File name : M6_Currents.grd
  Scatterer : Flat_M6
  polarisation_and_phase_coor_sys : M6_phase_coor_sys_grasp_angles
  Field_type : currents
  Phase_adjustment : on
  X_range : start -0.150000E+03    end  0.150000E+03    points   301
  Unit of grid limits : mm
  Y_range : start -0.150000E+03    end  0.150000E+03    points   301
 
 
  *** Object name:  M6_phase_coor_sys_grasp_angles
  *** Class name :  coor_sys_grasp_angles
  *** Message    :  Object created
 
 
 
  *** Object name:  M6_phase_coor_sys_grasp_angles
  *** Class name :  coor_sys_grasp_angles
  *** Message    :  New values in object
 
  Base name : M6_input_coor_sys
  Theta  :   180.000000 deg.
  Calculated axes:
  X_axis :    -1.000000    0.000000   -0.000000
  Y_axis :     0.000000    1.000000    0.000000
  Z_axis :     0.000000    0.000000   -1.000000
 
 
  *** Object name:  M5_phase_coor_sys_grasp_angles
  *** Class name :  coor_sys_grasp_angles
  *** Message    :  Object created
 
 
 
  *** Object name:  M5_phase_coor_sys_grasp_angles
  *** Class name :  coor_sys_grasp_angles
  *** Message    :  New values in object
 
  Base name : M5_input_coor_sys
  Theta  :   180.000000 deg.
  Calculated axes:
  X_axis :    -1.000000    0.000000   -0.000000
  Y_axis :     0.000000    1.000000    0.000000
  Z_axis :     0.000000    0.000000   -1.000000
 
 
  *** Object name:  M4_phase_coor_sys_grasp_angles
  *** Class name :  coor_sys_grasp_angles
  *** Message    :  Object created
 
 
 
  *** Object name:  M4_phase_coor_sys_grasp_angles
  *** Class name :  coor_sys_grasp_angles
  *** Message    :  New values in object
 
  Base name : M4_input_coor_sys
  Theta  :   180.000000 deg.
  Calculated axes:
  X_axis :    -1.000000    0.000000   -0.000000
  Y_axis :     0.000000    1.000000    0.000000
  Z_axis :     0.000000    0.000000   -1.000000
 
 
  *** Object name:  M3_phase_coor_sys_grasp_angles
  *** Class name :  coor_sys_grasp_angles
  *** Message    :  Object created
 
 
 
  *** Object name:  M3_phase_coor_sys_grasp_angles
  *** Class name :  coor_sys_grasp_angles
  *** Message    :  New values in object
 
  Base name : M3_input_coor_sys
  Theta  :   180.000000 deg.
  Calculated axes:
  X_axis :    -1.000000    0.000000   -0.000000
  Y_axis :     0.000000    1.000000    0.000000
  Z_axis :     0.000000    0.000000   -1.000000
 
 
  *** Object name:  Sec_phase_coor_sys_grasp_angles
  *** Class name :  coor_sys_grasp_angles
  *** Message    :  Object created
 
 
 
  *** Object name:  Sec_phase_coor_sys_grasp_angles
  *** Class name :  coor_sys_grasp_angles
  *** Message    :  New values in object
 
  Base name : Secondary_coor
  Theta  :   180.000000 deg.
  Calculated axes:
  X_axis :    -1.000000    0.000000   -0.000000
  Y_axis :     0.000000    1.000000    0.000000
  Z_axis :     0.000000    0.000000   -1.000000
 
 
  *** Object name:  view_1
  *** Class name :  view
  *** Message    :  Object created
 
 
 
  *** Object name:  view_1
  *** Class name :  view
  *** Message    :  New values in object
 
 
  Number of objects :      5
 
  Definition of objects   :
   No.  Name
     1  view_1_reflector_plot
     2  view_1_coor_sys_plot
     3  view_1_feed_plot
     4  view_1_output_points_plot
     5  gaussian_beam_tube
 
 
 
  *** Object name:  view_1_reflector_plot
  *** Class name :  reflector_plot
  *** Message    :  Object created
 
 
 
  *** Object name:  view_1_reflector_plot
  *** Class name :  reflector_plot
  *** Message    :  Definition of reflector_plot
 
 
  Lines along x-axis :   0
 
  Lines along y-axis :   0
 
 
  *** Object name:  view_1_coor_sys_plot
  *** Class name :  coor_sys_plot
  *** Message    :  Object created
 
 
 
  *** Object name:  view_1_coor_sys_plot
  *** Class name :  coor_sys_plot
  *** Message    :  Definition of coor_sys_plot
 
 
  Length of coordinate system axis :   0.100000 m
   and in SI units                 :   0.100000 meter
 
 
  *** Object name:  view_1_feed_plot
  *** Class name :  feed_plot
  *** Message    :  Object created
 
 
 
  *** Object name:  view_1_feed_plot
  *** Class name :  feed_plot
  *** Message    :  Definition of feed_plot
 
 
 
  *** Object name:  view_1_output_points_plot
  *** Class name :  output_points_plot
  *** Message    :  Object created
 
 
 
  *** Object name:  view_1_output_points_plot
  *** Class name :  output_points_plot
  *** Message    :  Definition of output_points_plot
 
 
 
  *** Object name:  gaussian_beam_tube
  *** Class name :  gaussian_beam_tube
  *** Message    :  Object created
 
 
 
  *** Object name:  gaussian_beam_tube
  *** Class name :  gaussian_beam_tube
  *** Message    :  Definition of ray_plot
 
 
  Beam path range :
  Start: 0.000000000000000E+000 mm
  End  : 10.0000000000000 m
   and in SI units
  Start: 0.000000000000000E+000 meter
  End  : 10.0000000000000 meter
  Number of cross sections: 32
 
  number of objects: 1
 
    No.  Plot objects
     1   VirtualFeed
 
 ----- TASK No. 1 -----     Started at 13:09:11 on March 20, 2026
 Output_grid_large get_field ( source : sequence(ref(Primary_PO)))
 
 
  *** Object name:  Output_grid_large
  *** Class name :  spherical_grid
  *** Message    :  Get_field message received
 
  Source : Primary_PO
 
 
  *** Object name:  Primary_PO
  *** Class name :  po_single_face_scatterer
  *** Message    :  Initialization
 
 
  Name of currents file: main_po.cur
 
  Control values found in the file:
    No. of frequencies: 1
    No. of beams      : 1
    No. of faces      : 1
    No. of edges      : 2
    No. of gaps       : 0
 
  Frequency number  1 : 230.000 GHz
 
    Face No.      PO1       PO2     Partitions
          1       400       740         1
 
    Edge No.     PTD1
          1         0
          2         0
 
 
 
  *** Object name:  Output_grid_large
  *** Class name :  spherical_grid
  *** Message    :  Field calculated
 
  Frequency No. :     1
  Beam No. :     1
 
 ----- TASK No. 2 -----     Started at 13:10:12 on March 20, 2026
 Output_grid_large add_field ( source : sequence(ref(Secondary_PO), ref(M3_PO)))
 
 
  *** Object name:  Output_grid_large
  *** Class name :  spherical_grid
  *** Message    :  Add_field message received
 
  Source : Secondary_PO
  Source : M3_PO
 
 
  *** Object name:  Secondary_PO
  *** Class name :  po_single_face_scatterer
  *** Message    :  Initialization
 
 
  Name of currents file: sub_po.cur
 
  Control values found in the file:
    No. of frequencies: 1
    No. of beams      : 1
    No. of faces      : 1
    No. of edges      : 1
    No. of gaps       : 0
 
  Frequency number  1 : 230.000 GHz
 
    Face No.      PO1       PO2     Partitions
          1       315       780         1
 
    Edge No.     PTD1
          1       780
 
 
 
  *** Object name:  Output_grid_large
  *** Class name :  spherical_grid
  *** Message    :  Field calculated
 
  Frequency No. :     1
  Beam No. :     1
 
 
  *** Object name:  M3_PO
  *** Class name :  po_single_face_scatterer
  *** Message    :  Initialization
 
 
  Name of currents file: M3_PO.cur
 
  Control values found in the file:
    No. of frequencies: 1
    No. of beams      : 1
    No. of faces      : 1
    No. of edges      : 1
    No. of gaps       : 0
 
  Frequency number  1 : 230.000 GHz
 
    Face No.      PO1       PO2     Partitions
          1        24        20         1
 
    Edge No.     PTD1
          1         0
 
 
 
  *** Object name:  Output_grid_large
  *** Class name :  spherical_grid
  *** Message    :  Field calculated
 
  Frequency No. :     1
  Beam No. :     1
 
 ----- END OF TASKS -----     Completed at 13:11:06 on March 20, 2026
 Total time was 1:56 min
 
 TICRA Tools SN: 008652
 Program stopped at 13:11:06 on 20 March 2026
 
